[www.usspestcon.in/index.html]
[www.usspestcon.in/images/background/bg6.jpg]
[www.usspestcon.in/images/favicon.png]
[backblue.gif]
[fade.gif]
[index.html]
[www.usspestcon.in/index-2.html]
[www.usspestcon.in/images/logo.png]
[www.usspestcon.in/inquiry.html]
[www.usspestcon.in/about.html]
[www.usspestcon.in/team.html]
[www.usspestcon.in/termicon-services.html]
[www.usspestcon.in/ratcon-solutions.html]
[www.usspestcon.in/bugcon-services.html]
[www.usspestcon.in/woodborercon-services.html]
[www.usspestcon.in/flycon-services.html]
[www.usspestcon.in/mosquitocon-services.html]
[www.usspestcon.in/fumicon-services.html]
[www.usspestcon.in/pest-control-services-hyderabad.html]
[www.usspestcon.in/security-services.html]
[www.usspestcon.in/disinfection-services.html]
[www.usspestcon.in/housekeeping-services.html]
[www.usspestcon.in/gallery.html]
[www.usspestcon.in/clientele.html]
[www.usspestcon.in/data1/images/01.png]
[www.usspestcon.in/data1/images/02.png]
[www.usspestcon.in/data1/images/03.png]
[www.usspestcon.in/engine1/wowslider.js]
[www.usspestcon.in/engine1/script.js]
[www.usspestcon.in/images/pic1.png]
[www.usspestcon.in/images/icon/01.jpg]
[www.usspestcon.in/images/icon/02.jpg]
[www.usspestcon.in/images/icon/03.jpg]
[www.usspestcon.in/images/icon/04.jpg]
[www.usspestcon.in/images/background/bg2.jpg]
[www.usspestcon.in/images/icon/05.jpg]
[www.usspestcon.in/images/icon/06.jpg]
[www.usspestcon.in/images/icon/07.jpg]
[www.usspestcon.in/images/icon/08.jpg]
[www.usspestcon.in/images/icon/09.jpg]
[www.usspestcon.in/images/icon/10.jpg]
[www.usspestcon.in/images/background/apointment.jpg]
[www.usspestcon.in/images/top-most1.jpg]
[www.usspestcon.in/images/top-most2.jpg]
[www.usspestcon.in/images/top-most3.jpg]
[www.usspestcon.in/images/testimonials/pic1.jpg]
[www.usspestcon.in/images/client-logo/logo1.jpg]
[www.usspestcon.in/images/client-logo/logo2.jpg]
[www.usspestcon.in/images/client-logo/logo3.jpg]
[www.usspestcon.in/images/client-logo/logo4.jpg]
[www.usspestcon.in/images/client-logo/logo5.jpg]
[www.usspestcon.in/images/client-logo/logo6.jpg]
[www.usspestcon.in/images/client-logo/logo7.jpg]
[www.usspestcon.in/images/client-logo/logo8.jpg]
[www.usspestcon.in/images/client-logo/logo9.jpg]
[www.usspestcon.in/images/client-logo/logo10.jpg]
[www.usspestcon.in/images/client-logo/logo11.jpg]
[www.usspestcon.in/images/client-logo/logo12.jpg]
[www.usspestcon.in/images/client-logo/logo13.jpg]
[www.usspestcon.in/images/client-logo/logo14.jpg]
[www.usspestcon.in/images/client-logo/logo15.jpg]
[www.usspestcon.in/images/background/bg7.jpg]
[www.usspestcon.in/pest-control-service-kolkata.html]
[www.usspestcon.in/js/combining.js]
[www.usspestcon.in/plugins/revolution/js/jquery.themepunch.tools.min.js]
[www.usspestcon.in/js/rev.slider.js]
[www.usspestcon.in/index.html]
[www.usspestcon.in/images/favicon.ico]
[www.usspestcon.in/error-404.html]
[www.usspestcon.in/css/plugins.min.css]
[www.usspestcon.in/plugins/revolution/fonts/revicons/revicons90c690c6.eot]
[www.usspestcon.in/plugins/revolution/fonts/revicons/revicons90c690c6.woff]
[www.usspestcon.in/plugins/revolution/fonts/revicons/revicons90c690c6.ttf]
[www.usspestcon.in/plugins/revolution/css/openhand.html]
[www.usspestcon.in/plugins/revolution/css/closedhand.html]
[www.usspestcon.in/plugins/revolution/assets/gridtile.png]
[www.usspestcon.in/plugins/revolution/assets/gridtile_white.png]
[www.usspestcon.in/plugins/revolution/assets/gridtile_3x3.png]
[www.usspestcon.in/plugins/revolution/assets/gridtile_3x3_white.png]
[www.usspestcon.in/plugins/revolution/assets/coloredbg.png]
[www.usspestcon.in/plugins/revolution/assets/loader.gif]
[www.usspestcon.in/plugins/revolution/css/settings.css]
[www.usspestcon.in/plugins/revolution/css/navigation.css]
[www.usspestcon.in/index-2.html]
[www.usspestcon.in/images/banner/bnr1.jpg]
[www.usspestcon.in/inquiry.html]
[www.usspestcon.in/about.html]
[www.usspestcon.in/images/team1.jpg]
[www.usspestcon.in/images/team2.jpg]
[www.usspestcon.in/team.html]
[www.usspestcon.in/images/service3.png]
[www.usspestcon.in/images/service1.png]
[www.usspestcon.in/images/001.jpg]
[www.usspestcon.in/images/002.jpg]
[www.usspestcon.in/images/003.jpg]
[www.usspestcon.in/images/004.jpg]
[www.usspestcon.in/images/005.jpg]
[www.usspestcon.in/termicon-services.html]
[www.usspestcon.in/images/service2.png]
[www.usspestcon.in/images/about3.png]
[www.usspestcon.in/ratcon-solutions.html]
[www.usspestcon.in/bugcon-services.html]
[www.usspestcon.in/images/service4.png]
[www.usspestcon.in/woodborercon-services.html]
[www.usspestcon.in/images/service5.png]
[www.usspestcon.in/flycon-services.html]
[www.usspestcon.in/images/service6.png]
[www.usspestcon.in/mosquitocon-services.html]
[www.usspestcon.in/images/service7.png]
[www.usspestcon.in/fumicon-services.html]
[www.usspestcon.in/pest-control-service-hyderabad.html]
[www.usspestcon.in/images/make-your-decision.jpg]
[www.usspestcon.in/images/why-choose-us.jpg]
[www.usspestcon.in/images/pest-free-living.jpg]
[www.usspestcon.in/pest-control-services-hyderabad.html]
[www.usspestcon.in/images/service9.jpg]
[www.usspestcon.in/security-services.html]
[www.usspestcon.in/images/service10.png]
[www.usspestcon.in/disinfection-services.html]
[www.usspestcon.in/images/service11.png]
[www.usspestcon.in/images/facade.png]
[www.usspestcon.in/housekeeping-services.html]
[www.usspestcon.in/images/gal1.jpg]
[www.usspestcon.in/images/gal2.jpg]
[www.usspestcon.in/images/gal3.jpg]
[www.usspestcon.in/images/gal4.jpg]
[www.usspestcon.in/images/gal5.jpg]
[www.usspestcon.in/images/gal6.jpg]
[www.usspestcon.in/images/gal7.jpg]
[www.usspestcon.in/images/gal8.jpg]
[www.usspestcon.in/images/gal9.jpg]
[www.usspestcon.in/images/gal10.jpg]
[www.usspestcon.in/images/gal12.jpg]
[www.usspestcon.in/images/gal13.jpg]
[www.usspestcon.in/images/gal14.jpg]
[www.usspestcon.in/images/gal15.jpg]
[www.usspestcon.in/images/gal16.jpg]
[www.usspestcon.in/images/gal17.jpg]
[www.usspestcon.in/images/gal18.jpg]
[www.usspestcon.in/images/gal19.jpg]
[www.usspestcon.in/images/gal20.jpg]
[www.usspestcon.in/images/gal21.jpg]
[www.usspestcon.in/images/gal22.jpg]
[www.usspestcon.in/images/gal23.jpg]
[www.usspestcon.in/images/gal24.jpg]
[www.usspestcon.in/images/gal25.jpg]
[www.usspestcon.in/images/gal26.jpg]
[www.usspestcon.in/images/gal27.jpg]
[www.usspestcon.in/images/gal28.jpg]
[www.usspestcon.in/images/gal29.jpg]
[www.usspestcon.in/images/gal31.jpg]
[www.usspestcon.in/images/gal32.jpg]
[www.usspestcon.in/gallery.html]
[www.usspestcon.in/images/client-logo/logo17.jpg]
[www.usspestcon.in/images/client-logo/logo19.jpg]
[www.usspestcon.in/images/client-logo/logo20.jpg]
[www.usspestcon.in/images/client-logo/logo21.jpg]
[www.usspestcon.in/images/client-logo/logo22.jpg]
[www.usspestcon.in/images/client-logo/logo23.jpg]
[www.usspestcon.in/images/client-logo/logo24.jpg]
[www.usspestcon.in/clientele.html]
[www.usspestcon.in/images/icon/icon-1.jpg]
[www.usspestcon.in/images/icon/icon-2.jpg]
[www.usspestcon.in/engine1/jquery.js]
[www.usspestcon.in/images/icon/icon-3.jpg]
[www.usspestcon.in/images/icon/termite.jpg]
[www.usspestcon.in/images/icon/ultigel.jpg]
[www.usspestcon.in/pest-control-service-kolkata.html]
[www.usspestcon.in/plugins/fontawesome/fonts/fontawesome-webfont3e6e3e6e.eot]
[www.usspestcon.in/plugins/revolution/js/jquery.themepunch.revolution.min.js]
[www.usspestcon.in/plugins/fontawesome/fonts/fontawesome-webfontd41dd41d.eot]
[www.usspestcon.in/plugins/fontawesome/fonts/fontawesome-webfont3e6e3e6e.woff]
[www.usspestcon.in/plugins/fontawesome/css/font-awesome.min.css]
[www.usspestcon.in/plugins/line-awesome/fonts/line-awesomeeb4feb4f.eot]
[www.usspestcon.in/plugins/line-awesome/fonts/line-awesome01760176.eot]
[www.usspestcon.in/plugins/line-awesome/fonts/line-awesomeeb4feb4f.woff2]
[www.usspestcon.in/plugins/line-awesome/fonts/line-awesomeeb4feb4f.ttf]
[www.usspestcon.in/plugins/line-awesome/css/line-awesome.min.css]
[www.usspestcon.in/plugins/flaticon/custom-flaticon/Flaticond41dd41d.eot]
[www.usspestcon.in/plugins/flaticon/custom-flaticon/Flaticon.woff]
[www.usspestcon.in/plugins/flaticon/custom-flaticon/Flaticon.ttf]
[www.usspestcon.in/plugins/flaticon/custom-flaticon/flaticon.css]
[www.usspestcon.in/plugins/flaticon/font/Flaticon.eot]
[www.usspestcon.in/plugins/flaticon/font/Flaticond41dd41d.eot]
[www.usspestcon.in/plugins/flaticon/font/Flaticon.woff]
[www.usspestcon.in/plugins/flaticon/font/Flaticon.ttf]
[www.usspestcon.in/plugins/flaticon/css/flaticon.css]
[www.usspestcon.in/plugins/themify/fonts/themify9f249f24.eot]
[www.usspestcon.in/plugins/themify/fonts/themifyd41dd41d.eot]
[www.usspestcon.in/plugins/themify/fonts/themify9f249f24.woff]
[www.usspestcon.in/plugins/themify/fonts/themify9f249f24.ttf]
[www.usspestcon.in/plugins/themify/themify-icons.css]
[www.usspestcon.in/error-404.html]
[www.usspestcon.in/images/pest-control-services.jpg]
[www.usspestcon.in/file/C_/Users/admin/Documents/inc/images/pattern/pattern1.jpg]
[www.usspestcon.in/images/line.png]
[www.usspestcon.in/images/loading.svg]
[www.usspestcon.in/css/style.min.css]
[www.usspestcon.in/css/skin/skin-2.css]
[www.usspestcon.in/images/overlay/rrdiagonal-line.png]
[www.usspestcon.in/images/separator/sef-icon1.png]
[www.usspestcon.in/images/separator/sef-icon.png]
[www.usspestcon.in/images/separator/line-3.png]
[www.usspestcon.in/images/separator/line-4.png]
[www.usspestcon.in/images/separator/line-1.png]
[www.usspestcon.in/images/separator/line-2.png]
[www.usspestcon.in/images/our-team/team-bg3.png]
[www.usspestcon.in/images/our-team/team-bg2.png]
[www.usspestcon.in/images/our-team/team-bg1.png]
[www.usspestcon.in/images/curv.png]
[www.usspestcon.in/css/templete.min.css]
[www.usspestcon.in/plugins/revolution/fonts/revicons/revicons90c690c6.svg]
[www.usspestcon.in/plugins/revolution/css/openhand.html]
[www.usspestcon.in/plugins/revolution/css/closedhand.html]
[www.usspestcon.in/css/skin/skin-1.css]
[www.usspestcon.in/pest-control-service-hyderabad.html]
[www.usspestcon.in/images/gal30.png]
[www.usspestcon.in/images/team4.jpg]
[www.usspestcon.in/images/team3.jpg]
[www.usspestcon.in/images/client-logo/logo16.jpg]
[www.usspestcon.in/images/client-logo/logo18.jpg]
[www.usspestcon.in/contactform/contact_form.html]
[www.usspestcon.in/engine1/playvideo.png]
[www.usspestcon.in/engine1/bullet.png]
[www.usspestcon.in/engine1/arrows.png]
[www.usspestcon.in/engine1/pause.png]
[www.usspestcon.in/engine1/play.png]
[www.usspestcon.in/engine1/bg.png]
[www.usspestcon.in/engine1/triangle.png]
[www.usspestcon.in/engine1/style.css]
[www.usspestcon.in/plugins/fontawesome/fonts/fontawesome-webfont3e6e3e6e.woff2]
[www.usspestcon.in/images/icon/bedbug.jpg]
[www.usspestcon.in/plugins/fontawesome/fonts/fontawesome-webfont3e6e3e6e.svg]
[www.usspestcon.in/plugins/fontawesome/fonts/fontawesome-webfont3e6e3e6e.ttf]
[www.usspestcon.in/plugins/line-awesome/fonts/line-awesomeeb4feb4f.svg]
[www.usspestcon.in/plugins/flaticon/custom-flaticon/Flaticon.svg]
[www.usspestcon.in/plugins/flaticon/font/Flaticon.svg]
[www.usspestcon.in/plugins/themify/fonts/themify9f249f24.svg]
[www.usspestcon.in/file/C_/Users/admin/Documents/inc/images/pattern/pattern1.html]
[www.usspestcon.in/images/line.html]
[www.usspestcon.in/images/loading.html]
[www.usspestcon.in/plugins/flaticon/custom-flaticon/Flaticon.eot]
[www.usspestcon.in/plugins/line-awesome/fonts/line-awesomeeb4feb4f.woff]
[maxcdn.bootstrapcdn.com/bootstrap/3.3.7/css/bootstrap.min.css]
[maxcdn.bootstrapcdn.com/font-awesome/4.7.0/css/font-awesome.min.css]
[ajax.googleapis.com/ajax/libs/jquery/3.1.1/jquery.min.js]
[maxcdn.bootstrapcdn.com/bootstrap/3.3.7/js/bootstrap.min.js]
[cdnjs.cloudflare.com/ajax/libs/jquery-validate/1.15.0/jquery.validate.min.js]
[cdnjs.cloudflare.com/ajax/libs/jquery-validate/1.15.0/additional-methods.min.js]
[www.google.com/recaptcha/api6b7f.js]
[www.usspestcon.in/contactform/js/contact_form.js]
[www.usspestcon.in/contactform/contact_form.html]
[www.usspestcon.in/contact.html]
[www.usspestcon.in/engine1/playvideo.html]
[www.usspestcon.in/contactform/css/contact_form.css]
[maxcdn.bootstrapcdn.com/bootstrap/3.3.7/css/bootstrap.min.css]
[maxcdn.bootstrapcdn.com/font-awesome/4.7.0/css/font-awesome.min.css]
[www.usspestcon.in/engine1/engine1/bg.png]
[www.usspestcon.in/engine1/engine1/bg.png]
